******************************************************************************
            TI ARM Clang Linker Unix v3.2.1                    
******************************************************************************
>> Linked Sun Apr 13 18:32:23 2025

OUTPUT FILE NAME:   <Paintball_Test.out>
ENTRY POINT SYMBOL: "_c_int00_noargs"  address: 00000841


MEMORY CONFIGURATION

         name            origin    length      used     unused   attr    fill
----------------------  --------  ---------  --------  --------  ----  --------
  FLASH                 00000000   00020000  000008b8  0001f748  R  X
  SRAM                  20200000   00008000  0000021e  00007de2  RW X
  BCR_CONFIG            41c00000   00000080  00000000  00000080  R   
  BSL_CONFIG            41c00100   00000080  00000000  00000080  R   


SEGMENT ALLOCATION MAP

run origin  load origin   length   init length attrs members
----------  ----------- ---------- ----------- ----- -------
00000000    00000000    000008b8   000008b8    r-x
  00000000    00000000    000000c0   000000c0    r-- .intvecs
  000000c0    000000c0    000007d8   000007d8    r-x .text
  00000898    00000898    00000020   00000020    r-- .cinit
20200000    20200000    0000001e   00000000    rw-
  20200000    20200000    0000001e   00000000    rw- .data
20207e00    20207e00    00000200   00000000    rw-
  20207e00    20207e00    00000200   00000000    rw- .stack


SECTION ALLOCATION MAP

 output                                  attributes/
section   page    origin      length       input sections
--------  ----  ----------  ----------   ----------------
.intvecs   0    00000000    000000c0     
                  00000000    000000c0     startup_mspm0g350x_ticlang.o (.intvecs)

.text      0    000000c0    000007d8     
                  000000c0    000004e8     paintball1.o (.text.main)
                  000005a8    00000148     paintball1.o (.text.display_outputs)
                  000006f0    0000009a     libc.a : memcpy16.S.obj (.text:memcpy)
                  0000078a    00000002     startup_mspm0g350x_ticlang.o (.text.Default_Handler)
                  0000078c    00000078     libc.a : copy_decompress_lzss.c.obj (.text:decompress:lzss)
                  00000804    0000003c            : autoinit.c.obj (.text:__TI_auto_init_nobinit_nopinit)
                  00000840    00000028            : boot_cortex_m.c.obj (.text:_c_int00_noargs)
                  00000868    00000012            : copy_decompress_none.c.obj (.text:decompress:none)
                  0000087a    0000000a     elec327.o (.text.delay_cycles)
                  00000884    00000008     libclang_rt.builtins.a : aeabi_memcpy.S.obj (.text.__aeabi_memcpy)
                  0000088c    00000004     startup_mspm0g350x_ticlang.o (.text.Reset_Handler)
                  00000890    00000004     libc.a : pre_init.c.obj (.text._system_pre_init)
                  00000894    00000004            : exit.c.obj (.text:abort)

.cinit     0    00000898    00000020     
                  00000898    0000000d     (.cinit..data.load) [load image, compression = lzss]
                  000008a5    00000003     --HOLE-- [fill = 0]
                  000008a8    00000008     (__TI_handler_table)
                  000008b0    00000008     (__TI_cinit_table)

.init_array 
*          0    00000000    00000000     UNINITIALIZED

.binit     0    00000000    00000000     

.data      0    20200000    0000001e     UNINITIALIZED
                  20200000    00000004     paintball1.o (.data.p1_aimed)
                  20200004    00000004     paintball1.o (.data.p1_button_pressed)
                  20200008    00000004     paintball1.o (.data.p1_hid)
                  2020000c    00000004     paintball1.o (.data.p2_aimed)
                  20200010    00000004     paintball1.o (.data.p2_button_pressed)
                  20200014    00000004     paintball1.o (.data.p2_hid)
                  20200018    00000001     paintball1.o (.data.p1aim_loc)
                  20200019    00000001     paintball1.o (.data.p1hide_loc)
                  2020001a    00000001     paintball1.o (.data.p1lives)
                  2020001b    00000001     paintball1.o (.data.p2aim_loc)
                  2020001c    00000001     paintball1.o (.data.p2hide_loc)
                  2020001d    00000001     paintball1.o (.data.p2lives)

.stack     0    20207e00    00000200     UNINITIALIZED
                  20207e00    00000004     libc.a : boot_cortex_m.c.obj (.stack)
                  20207e04    000001fc     --HOLE--

__llvm_prf_cnts 
*          0    20200000    00000000     UNINITIALIZED

__llvm_prf_bits 
*          0    20200000    00000000     UNINITIALIZED

MODULE SUMMARY

       Module                         code   ro data   rw data
       ------                         ----   -------   -------
    ./
       paintball1.o                   1584   0         30     
       startup_mspm0g350x_ticlang.o   6      192       0      
       elec327.o                      10     0         0      
    +--+------------------------------+------+---------+---------+
       Total:                         1600   192       30     
                                                              
    /Applications/ti/ccs1281/ccs/tools/compiler/ti-cgt-armllvm_3.2.1.LTS/lib/armv6m-ti-none-eabi/c/libc.a
       memcpy16.S.obj                 154    0         0      
       copy_decompress_lzss.c.obj     120    0         0      
       autoinit.c.obj                 60     0         0      
       boot_cortex_m.c.obj            40     0         0      
       copy_decompress_none.c.obj     18     0         0      
       exit.c.obj                     4      0         0      
       pre_init.c.obj                 4      0         0      
    +--+------------------------------+------+---------+---------+
       Total:                         400    0         0      
                                                              
    /Applications/ti/ccs1281/ccs/tools/compiler/ti-cgt-armllvm_3.2.1.LTS/lib/clang/15.0.7/lib/armv6m-ti-none-eabi/libclang_rt.builtins.a
       aeabi_memcpy.S.obj             8      0         0      
    +--+------------------------------+------+---------+---------+
       Total:                         8      0         0      
                                                              
       Stack:                         0      0         512    
       Linker Generated:              0      29        0      
    +--+------------------------------+------+---------+---------+
       Grand Total:                   2008   221       542    


LINKER GENERATED COPY TABLES

__TI_cinit_table @ 000008b0 records: 1, size/record: 8, table size: 8
	.data: load addr=00000898, load size=0000000d bytes, run addr=20200000, run size=0000001e bytes, compression=lzss


LINKER GENERATED HANDLER TABLE

__TI_handler_table @ 000008a8 records: 2, size/record: 4, table size: 8
	index: 0, handler: __TI_decompress_lzss
	index: 1, handler: __TI_decompress_none


GLOBAL SYMBOLS: SORTED ALPHABETICALLY BY Name 

address   name                          
-------   ----                          
0000078b  ADC0_IRQHandler               
0000078b  ADC1_IRQHandler               
0000078b  AES_IRQHandler                
00000894  C$$EXIT                       
0000078b  CANFD0_IRQHandler             
0000078b  DAC0_IRQHandler               
0000078b  DMA_IRQHandler                
0000078b  Default_Handler               
0000078b  GROUP0_IRQHandler             
0000078b  GROUP1_IRQHandler             
0000078b  HardFault_Handler             
0000078b  I2C0_IRQHandler               
0000078b  I2C1_IRQHandler               
0000078b  NMI_Handler                   
0000078b  PendSV_Handler                
0000078b  RTC_IRQHandler                
0000088d  Reset_Handler                 
0000078b  SPI0_IRQHandler               
0000078b  SPI1_IRQHandler               
0000078b  SVC_Handler                   
0000078b  SysTick_Handler               
0000078b  TIMA0_IRQHandler              
0000078b  TIMA1_IRQHandler              
0000078b  TIMG0_IRQHandler              
0000078b  TIMG12_IRQHandler             
0000078b  TIMG6_IRQHandler              
0000078b  TIMG7_IRQHandler              
0000078b  TIMG8_IRQHandler              
0000078b  UART0_IRQHandler              
0000078b  UART1_IRQHandler              
0000078b  UART2_IRQHandler              
0000078b  UART3_IRQHandler              
20208000  __STACK_END                   
00000200  __STACK_SIZE                  
00000000  __TI_ATRegion0_region_sz      
00000000  __TI_ATRegion0_src_addr       
00000000  __TI_ATRegion0_trg_addr       
00000000  __TI_ATRegion1_region_sz      
00000000  __TI_ATRegion1_src_addr       
00000000  __TI_ATRegion1_trg_addr       
00000000  __TI_ATRegion2_region_sz      
00000000  __TI_ATRegion2_src_addr       
00000000  __TI_ATRegion2_trg_addr       
000008b0  __TI_CINIT_Base               
000008b8  __TI_CINIT_Limit              
000008b8  __TI_CINIT_Warm               
000008a8  __TI_Handler_Table_Base       
000008b0  __TI_Handler_Table_Limit      
00000805  __TI_auto_init_nobinit_nopinit
0000078d  __TI_decompress_lzss          
00000869  __TI_decompress_none          
ffffffff  __TI_pprof_out_hndl           
ffffffff  __TI_prof_data_size           
ffffffff  __TI_prof_data_start          
00000000  __TI_static_base__            
00000885  __aeabi_memcpy                
00000885  __aeabi_memcpy4               
00000885  __aeabi_memcpy8               
ffffffff  __binit__                     
UNDEFED   __mpu_init                    
20207e00  __stack                       
20200000  __start___llvm_prf_bits       
20200000  __start___llvm_prf_cnts       
20200000  __stop___llvm_prf_bits        
20200000  __stop___llvm_prf_cnts        
00000841  _c_int00_noargs               
UNDEFED   _system_post_cinit            
00000891  _system_pre_init              
00000895  abort                         
ffffffff  binit                         
0000087b  delay_cycles                  
000005a9  display_outputs               
00000000  interruptVectors              
000000c1  main                          
000006f1  memcpy                        
20200000  p1_aimed                      
20200004  p1_button_pressed             
20200008  p1_hid                        
20200018  p1aim_loc                     
20200019  p1hide_loc                    
2020001a  p1lives                       
2020000c  p2_aimed                      
20200010  p2_button_pressed             
20200014  p2_hid                        
2020001b  p2aim_loc                     
2020001c  p2hide_loc                    
2020001d  p2lives                       


GLOBAL SYMBOLS: SORTED BY Symbol Address 

address   name                          
-------   ----                          
00000000  __TI_ATRegion0_region_sz      
00000000  __TI_ATRegion0_src_addr       
00000000  __TI_ATRegion0_trg_addr       
00000000  __TI_ATRegion1_region_sz      
00000000  __TI_ATRegion1_src_addr       
00000000  __TI_ATRegion1_trg_addr       
00000000  __TI_ATRegion2_region_sz      
00000000  __TI_ATRegion2_src_addr       
00000000  __TI_ATRegion2_trg_addr       
00000000  __TI_static_base__            
00000000  interruptVectors              
000000c1  main                          
00000200  __STACK_SIZE                  
000005a9  display_outputs               
000006f1  memcpy                        
0000078b  ADC0_IRQHandler               
0000078b  ADC1_IRQHandler               
0000078b  AES_IRQHandler                
0000078b  CANFD0_IRQHandler             
0000078b  DAC0_IRQHandler               
0000078b  DMA_IRQHandler                
0000078b  Default_Handler               
0000078b  GROUP0_IRQHandler             
0000078b  GROUP1_IRQHandler             
0000078b  HardFault_Handler             
0000078b  I2C0_IRQHandler               
0000078b  I2C1_IRQHandler               
0000078b  NMI_Handler                   
0000078b  PendSV_Handler                
0000078b  RTC_IRQHandler                
0000078b  SPI0_IRQHandler               
0000078b  SPI1_IRQHandler               
0000078b  SVC_Handler                   
0000078b  SysTick_Handler               
0000078b  TIMA0_IRQHandler              
0000078b  TIMA1_IRQHandler              
0000078b  TIMG0_IRQHandler              
0000078b  TIMG12_IRQHandler             
0000078b  TIMG6_IRQHandler              
0000078b  TIMG7_IRQHandler              
0000078b  TIMG8_IRQHandler              
0000078b  UART0_IRQHandler              
0000078b  UART1_IRQHandler              
0000078b  UART2_IRQHandler              
0000078b  UART3_IRQHandler              
0000078d  __TI_decompress_lzss          
00000805  __TI_auto_init_nobinit_nopinit
00000841  _c_int00_noargs               
00000869  __TI_decompress_none          
0000087b  delay_cycles                  
00000885  __aeabi_memcpy                
00000885  __aeabi_memcpy4               
00000885  __aeabi_memcpy8               
0000088d  Reset_Handler                 
00000891  _system_pre_init              
00000894  C$$EXIT                       
00000895  abort                         
000008a8  __TI_Handler_Table_Base       
000008b0  __TI_CINIT_Base               
000008b0  __TI_Handler_Table_Limit      
000008b8  __TI_CINIT_Limit              
000008b8  __TI_CINIT_Warm               
20200000  __start___llvm_prf_bits       
20200000  __start___llvm_prf_cnts       
20200000  __stop___llvm_prf_bits        
20200000  __stop___llvm_prf_cnts        
20200000  p1_aimed                      
20200004  p1_button_pressed             
20200008  p1_hid                        
2020000c  p2_aimed                      
20200010  p2_button_pressed             
20200014  p2_hid                        
20200018  p1aim_loc                     
20200019  p1hide_loc                    
2020001a  p1lives                       
2020001b  p2aim_loc                     
2020001c  p2hide_loc                    
2020001d  p2lives                       
20207e00  __stack                       
20208000  __STACK_END                   
ffffffff  __TI_pprof_out_hndl           
ffffffff  __TI_prof_data_size           
ffffffff  __TI_prof_data_start          
ffffffff  __binit__                     
ffffffff  binit                         
UNDEFED   __mpu_init                    
UNDEFED   _system_post_cinit            

[87 symbols]
